.next/types/app/layout.ts(28,13): error TS2344: Type 'OmitWithTag<Readonly<{ children: ReactNode; session: any; }>, keyof LayoutProps, "default">' does not satisfy the constraint '{ [x: string]: never; }'.
  Property 'session' is incompatible with index signature.
    Type 'any' is not assignable to type 'never'.
src/app/(site)/blog/[slug]/BlogDetail.tsx(6,32): error TS2307: Cannot find module '../blogData' or its corresponding type declarations.
src/app/(site)/blog/[slug]/BlogDetail.tsx(31,43): error TS7006: Parameter 'item' implicitly has an 'any' type.
src/app/(site)/blog/[slug]/BlogDetail.tsx(32,44): error TS7006: Parameter 'item' implicitly has an 'any' type.
src/app/(site)/blog/[slug]/BlogDetail.tsx(111,62): error TS7006: Parameter 'para' implicitly has an 'any' type.
src/app/(site)/blog/[slug]/BlogDetail.tsx(111,68): error TS7006: Parameter 'idx' implicitly has an 'any' type.
src/app/(site)/blog/[slug]/BlogDetail.tsx(124,58): error TS7006: Parameter 'takeaway' implicitly has an 'any' type.
src/app/(site)/blog/[slug]/BlogDetail.tsx(124,68): error TS7006: Parameter 'index' implicitly has an 'any' type.
src/app/(site)/blog/[slug]/BlogDetail.tsx(142,53): error TS7006: Parameter 'faq' implicitly has an 'any' type.
src/app/(site)/blog/[slug]/BlogDetail.tsx(142,58): error TS7006: Parameter 'index' implicitly has an 'any' type.
src/app/(site)/blog/[slug]/BlogDetail.tsx(200,65): error TS7006: Parameter 'post' implicitly has an 'any' type.
src/app/(site)/blog/[slug]/BlogDetail.tsx(221,49): error TS7006: Parameter 'tag' implicitly has an 'any' type.
src/app/(site)/blog/[slug]/BlogDetail.tsx(240,52): error TS7006: Parameter 'post' implicitly has an 'any' type.
src/app/admin/blogs/page.tsx(104,17): error TS2304: Cannot find name 'resetForm'.
src/app/admin/blogs/page.tsx(135,17): error TS2304: Cannot find name 'resetForm'.
src/app/admin/blogs/page.tsx(168,9): error TS2304: Cannot find name 'resetForm'.
